../Core/Src/main.c:82:6:lcdPrint	40	static
../Core/Src/main.c:78:5:main	24	static
../Core/Src/main.c:91:6:lcdPrintSymbol	24	static
../Core/Src/main.c:101:6:lcdPrintUpdate	40	static
../Core/Src/main.c:106:6:page0draw	200	static
../Core/Src/main.c:168:6:pageMenuDraw	24	static
../Core/Src/main.c:188:6:pageCalibrationDraw	96	static
../Core/Src/main.c:220:6:zero	56	static
../Core/Src/main.c:235:6:zero0	56	static
../Core/Src/main.c:250:6:init	56	static
../Core/Src/main.c:265:6:zero2	56	static
../Core/Src/main.c:280:6:pageCalib50draw	32	static
../Core/Src/main.c:292:6:pageDigitSelect	32	static
../Core/Src/main.c:299:6:setPGSfunk	64	static
../Core/Src/main.c:319:6:pageSettingsDraw	24	static
../Core/Src/main.c:328:6:oemUserQuestion	56	static
../Core/Src/main.c:342:6:oem	56	static
../Core/Src/main.c:357:6:user	56	static
../Core/Src/main.c:371:6:LOWPWR0	56	static
../Core/Src/main.c:387:6:LOWPWR1	56	static
../Core/Src/main.c:404:6:pageParamsDraw	176	static
../Core/Src/main.c:534:6:SystemClock_Config	96	static
../Core/Src/main.c:581:13:MX_I2C1_Init	8	static
../Core/Src/main.c:629:13:MX_USART2_UART_Init	8	static
../Core/Src/main.c:664:13:MX_GPIO_Init	56	static
../Core/Src/main.c:714:6:Error_Handler	8	static,ignoring_inline_asm
