../Core/Src/main.c:80:6:lcdPrint	40	static
../Core/Src/main.c:76:5:main	24	static
../Core/Src/main.c:89:6:lcdPrintSymbol	24	static
../Core/Src/main.c:99:6:lcdPrintUpdate	40	static
../Core/Src/main.c:104:6:page0draw	200	static
../Core/Src/main.c:166:6:pageMenuDraw	24	static
../Core/Src/main.c:186:6:pageCalibrationDraw	96	static
../Core/Src/main.c:218:6:zero	56	static
../Core/Src/main.c:233:6:zero0	56	static
../Core/Src/main.c:248:6:init	56	static
../Core/Src/main.c:263:6:zero2	56	static
../Core/Src/main.c:278:6:pageCalib50draw	32	static
../Core/Src/main.c:290:6:pageDigitSelect	32	static
../Core/Src/main.c:297:6:setPGSfunk	64	static
../Core/Src/main.c:316:6:pageSettingsDraw	24	static
../Core/Src/main.c:325:6:oemUserQuestion	56	static
../Core/Src/main.c:339:6:oem	56	static
../Core/Src/main.c:354:6:user	56	static
../Core/Src/main.c:368:6:LOWPWR0	56	static
../Core/Src/main.c:384:6:LOWPWR1	56	static
../Core/Src/main.c:401:6:pageParamsDraw	176	static
../Core/Src/main.c:531:6:SystemClock_Config	96	static
../Core/Src/main.c:578:13:MX_I2C1_Init	8	static
../Core/Src/main.c:626:13:MX_USART2_UART_Init	8	static
../Core/Src/main.c:661:13:MX_GPIO_Init	56	static
../Core/Src/main.c:711:6:Error_Handler	8	static,ignoring_inline_asm
